MPLINK 5.08, LINKER
Linker Map File - Created Fri Nov 30 20:52:03 2018

                                 Section Info
                  Section       Type    Address   Location Size(Bytes)
                ---------  ---------  ---------  ---------  ---------
                   .org_0       code   0x000000    program   0x0001fa
                   .cinit    romdata   0x0000fd    program   0x000004
                   .org_1       code   0x000100    program   0x000146
.config_0FFF_BUILD/DEFAULT/PRODUCTION/MUSIC_B       code   0x000fff    program   0x000002
                   .udata      udata   0x000008       data   0x000010



                              Program Memory Usage 
                               Start         End      
                           ---------   ---------      
                            0x000000    0x0000fe      
                            0x000100    0x0001a2      
                            0x000fff    0x000fff      
            419 out of 517 program addresses used, program memory utilization is 81%



                              Symbols - Sorted by Name
                     Name    Address   Location    Storage File                     
                ---------  ---------  ---------  --------- ---------                
             _.org_1_011D   0x00011d    program     static /home/jacques/github/pic10f202_music_box/music_box.X/music_box.asm
             _.org_1_0198   0x000198    program     static /home/jacques/github/pic10f202_music_box/music_box.X/music_box.asm
             _.org_1_01A1   0x0001a1    program     static /home/jacques/github/pic10f202_music_box/music_box.X/music_box.asm
               beau_sapin   0x00009f    program     static /home/jacques/github/pic10f202_music_box/music_box.X/music_box.asm
                bon_tabac   0x00003d    program     static /home/jacques/github/pic10f202_music_box/music_box.X/music_box.asm
             calc_sustain   0x000004    program     static /home/jacques/github/pic10f202_music_box/music_box.X/music_box.asm
       calc_sustain_upper   0x00012f    program     static /home/jacques/github/pic10f202_music_box/music_box.X/music_box.asm
              case_legato   0x000135    program     static /home/jacques/github/pic10f202_music_box/music_box.X/music_box.asm
              case_normal   0x000144    program     static /home/jacques/github/pic10f202_music_box/music_box.X/music_box.asm
            case_staccato   0x00013c    program     static /home/jacques/github/pic10f202_music_box/music_box.X/music_box.asm
          claire_fontaine   0x0000d1    program     static /home/jacques/github/pic10f202_music_box/music_box.X/music_box.asm
                    decay   0x000005    program     static /home/jacques/github/pic10f202_music_box/music_box.X/music_box.asm
              decay_upper   0x00015f    program     static /home/jacques/github/pic10f202_music_box/music_box.X/music_box.asm
                 duration   0x000018    program     static /home/jacques/github/pic10f202_music_box/music_box.X/music_box.asm
                     init   0x000100    program     static /home/jacques/github/pic10f202_music_box/music_box.X/music_box.asm
                     main   0x000107    program     static /home/jacques/github/pic10f202_music_box/music_box.X/music_box.asm
                   main01   0x000109    program     static /home/jacques/github/pic10f202_music_box/music_box.X/music_box.asm
                   main02   0x000123    program     static /home/jacques/github/pic10f202_music_box/music_box.X/music_box.asm
                   main03   0x00011f    program     static /home/jacques/github/pic10f202_music_box/music_box.X/music_box.asm
                 ode_joie   0x00005e    program     static /home/jacques/github/pic10f202_music_box/music_box.X/music_box.asm
                play_list   0x000037    program     static /home/jacques/github/pic10f202_music_box/music_box.X/music_box.asm
                play_note   0x000006    program     static /home/jacques/github/pic10f202_music_box/music_box.X/music_box.asm
              play_note01   0x00018e    program     static /home/jacques/github/pic10f202_music_box/music_box.X/music_box.asm
              play_note02   0x000192    program     static /home/jacques/github/pic10f202_music_box/music_box.X/music_box.asm
          play_note_upper   0x000170    program     static /home/jacques/github/pic10f202_music_box/music_box.X/music_box.asm
            query_timeout   0x000003    program     static /home/jacques/github/pic10f202_music_box/music_box.X/music_box.asm
      query_timeout_upper   0x000125    program     static /home/jacques/github/pic10f202_music_box/music_box.X/music_box.asm
               reset_list   0x000105    program     static /home/jacques/github/pic10f202_music_box/music_box.X/music_box.asm
               rst_vector   0x000000    program     static /home/jacques/github/pic10f202_music_box/music_box.X/music_box.asm
                    scale   0x000007    program     static /home/jacques/github/pic10f202_music_box/music_box.X/music_box.asm
                 set_flag   0x00015d    program     static /home/jacques/github/pic10f202_music_box/music_box.X/music_box.asm
                     accH   0x000016       data     static /home/jacques/github/pic10f202_music_box/music_box.X/music_box.asm
                     accL   0x000015       data     static /home/jacques/github/pic10f202_music_box/music_box.X/music_box.asm
                     accU   0x000017       data     static /home/jacques/github/pic10f202_music_box/music_box.X/music_box.asm
            duration_cntr   0x000008       data     static /home/jacques/github/pic10f202_music_box/music_box.X/music_box.asm
                    flags   0x000011       data     static /home/jacques/github/pic10f202_music_box/music_box.X/music_box.asm
                 freq_dly   0x00000e       data     static /home/jacques/github/pic10f202_music_box/music_box.X/music_box.asm
                 note_idx   0x000010       data     static /home/jacques/github/pic10f202_music_box/music_box.X/music_box.asm
              phrase_mode   0x00000f       data     static /home/jacques/github/pic10f202_music_box/music_box.X/music_box.asm
                     play   0x000012       data     static /home/jacques/github/pic10f202_music_box/music_box.X/music_box.asm
             sustain_cntr   0x00000b       data     static /home/jacques/github/pic10f202_music_box/music_box.X/music_box.asm
                     temp   0x000013       data     static /home/jacques/github/pic10f202_music_box/music_box.X/music_box.asm



                              Symbols - Sorted by Address
                     Name    Address   Location    Storage File                     
                ---------  ---------  ---------  --------- ---------                
               rst_vector   0x000000    program     static /home/jacques/github/pic10f202_music_box/music_box.X/music_box.asm
            query_timeout   0x000003    program     static /home/jacques/github/pic10f202_music_box/music_box.X/music_box.asm
             calc_sustain   0x000004    program     static /home/jacques/github/pic10f202_music_box/music_box.X/music_box.asm
                    decay   0x000005    program     static /home/jacques/github/pic10f202_music_box/music_box.X/music_box.asm
                play_note   0x000006    program     static /home/jacques/github/pic10f202_music_box/music_box.X/music_box.asm
                    scale   0x000007    program     static /home/jacques/github/pic10f202_music_box/music_box.X/music_box.asm
                 duration   0x000018    program     static /home/jacques/github/pic10f202_music_box/music_box.X/music_box.asm
                play_list   0x000037    program     static /home/jacques/github/pic10f202_music_box/music_box.X/music_box.asm
                bon_tabac   0x00003d    program     static /home/jacques/github/pic10f202_music_box/music_box.X/music_box.asm
                 ode_joie   0x00005e    program     static /home/jacques/github/pic10f202_music_box/music_box.X/music_box.asm
               beau_sapin   0x00009f    program     static /home/jacques/github/pic10f202_music_box/music_box.X/music_box.asm
          claire_fontaine   0x0000d1    program     static /home/jacques/github/pic10f202_music_box/music_box.X/music_box.asm
                     init   0x000100    program     static /home/jacques/github/pic10f202_music_box/music_box.X/music_box.asm
               reset_list   0x000105    program     static /home/jacques/github/pic10f202_music_box/music_box.X/music_box.asm
                     main   0x000107    program     static /home/jacques/github/pic10f202_music_box/music_box.X/music_box.asm
                   main01   0x000109    program     static /home/jacques/github/pic10f202_music_box/music_box.X/music_box.asm
             _.org_1_011D   0x00011d    program     static /home/jacques/github/pic10f202_music_box/music_box.X/music_box.asm
                   main03   0x00011f    program     static /home/jacques/github/pic10f202_music_box/music_box.X/music_box.asm
                   main02   0x000123    program     static /home/jacques/github/pic10f202_music_box/music_box.X/music_box.asm
      query_timeout_upper   0x000125    program     static /home/jacques/github/pic10f202_music_box/music_box.X/music_box.asm
       calc_sustain_upper   0x00012f    program     static /home/jacques/github/pic10f202_music_box/music_box.X/music_box.asm
              case_legato   0x000135    program     static /home/jacques/github/pic10f202_music_box/music_box.X/music_box.asm
            case_staccato   0x00013c    program     static /home/jacques/github/pic10f202_music_box/music_box.X/music_box.asm
              case_normal   0x000144    program     static /home/jacques/github/pic10f202_music_box/music_box.X/music_box.asm
                 set_flag   0x00015d    program     static /home/jacques/github/pic10f202_music_box/music_box.X/music_box.asm
              decay_upper   0x00015f    program     static /home/jacques/github/pic10f202_music_box/music_box.X/music_box.asm
          play_note_upper   0x000170    program     static /home/jacques/github/pic10f202_music_box/music_box.X/music_box.asm
              play_note01   0x00018e    program     static /home/jacques/github/pic10f202_music_box/music_box.X/music_box.asm
              play_note02   0x000192    program     static /home/jacques/github/pic10f202_music_box/music_box.X/music_box.asm
             _.org_1_0198   0x000198    program     static /home/jacques/github/pic10f202_music_box/music_box.X/music_box.asm
             _.org_1_01A1   0x0001a1    program     static /home/jacques/github/pic10f202_music_box/music_box.X/music_box.asm
            duration_cntr   0x000008       data     static /home/jacques/github/pic10f202_music_box/music_box.X/music_box.asm
             sustain_cntr   0x00000b       data     static /home/jacques/github/pic10f202_music_box/music_box.X/music_box.asm
                 freq_dly   0x00000e       data     static /home/jacques/github/pic10f202_music_box/music_box.X/music_box.asm
              phrase_mode   0x00000f       data     static /home/jacques/github/pic10f202_music_box/music_box.X/music_box.asm
                 note_idx   0x000010       data     static /home/jacques/github/pic10f202_music_box/music_box.X/music_box.asm
                    flags   0x000011       data     static /home/jacques/github/pic10f202_music_box/music_box.X/music_box.asm
                     play   0x000012       data     static /home/jacques/github/pic10f202_music_box/music_box.X/music_box.asm
                     temp   0x000013       data     static /home/jacques/github/pic10f202_music_box/music_box.X/music_box.asm
                     accL   0x000015       data     static /home/jacques/github/pic10f202_music_box/music_box.X/music_box.asm
                     accH   0x000016       data     static /home/jacques/github/pic10f202_music_box/music_box.X/music_box.asm
                     accU   0x000017       data     static /home/jacques/github/pic10f202_music_box/music_box.X/music_box.asm


